#-----------------------------------------------------------
# Vivado v2025.1 (64-bit)
# SW Build 6140274 on Thu May 22 00:12:29 MDT 2025
# IP Build 6138677 on Thu May 22 03:10:11 MDT 2025
# SharedData Build 6139179 on Tue May 20 17:58:58 MDT 2025
# Start of session at: Wed Oct 29 14:33:03 2025
# Process ID         : 29644
# Current directory  : C:/work/github/FPGA_study/segment_bit_out/segment_bit_out.runs/synth_1
# Command line       : vivado.exe -log top_stopwatch.vds -product Vivado -mode batch -messageDb vivado.pb -notrace -source top_stopwatch.tcl
# Log file           : C:/work/github/FPGA_study/segment_bit_out/segment_bit_out.runs/synth_1/top_stopwatch.vds
# Journal file       : C:/work/github/FPGA_study/segment_bit_out/segment_bit_out.runs/synth_1\vivado.jou
# Running On         : EMBKSM
# Platform           : Windows Server 2016 or Windows 10
# Operating System   : 26100
# Processor Detail   : 12th Gen Intel(R) Core(TM) i7-1255U
# CPU Frequency      : 2611 MHz
# CPU Physical cores : 10
# CPU Logical cores  : 12
# Host memory        : 16866 MB
# Swap memory        : 6174 MB
# Total Virtual      : 23040 MB
# Available Virtual  : 5079 MB
#-----------------------------------------------------------
source top_stopwatch.tcl -notrace
